---
source: src/tests/dns.rs
expression: decision
---
{
  "Allow": {
    "policy": {
      "literal": "@id(\"DNS.users_policy\")\npermit (\n    principal in DNS::Group::\"users\",\n    action == DNS::Action::\"view_host\",\n    resource is Host\n);",
      "json": {
        "action": {
          "entity": {
            "id": "view_host",
            "type": "DNS::Action"
          },
          "op": "=="
        },
        "annotations": {
          "id": "DNS.users_policy"
        },
        "conditions": [],
        "effect": "permit",
        "principal": {
          "entity": {
            "id": "users",
            "type": "DNS::Group"
          },
          "op": "in"
        },
        "resource": {
          "entity_type": "Host",
          "op": "is"
        }
      }
    }
  }
}
