---
source: src/models.rs
expression: serialized
---
{
  "action": {
    "id": "create_host",
    "namespace": [
      "Infra"
    ]
  },
  "principal": {
    "User": {
      "groups": [
        {
          "id": "devs",
          "namespace": [
            "Infra"
          ]
        },
        {
          "id": "admins",
          "namespace": [
            "Infra"
          ]
        }
      ],
      "id": "alice",
      "namespace": [
        "Infra"
      ]
    }
  },
  "resource": {
    "attrs": {
      "ip": {
        "type": "Ip",
        "value": "10.0.0.1"
      }
    },
    "id": "web-01.example.com",
    "kind": "Host"
  }
}
